// Vitest Snapshot v1, https://vitest.dev/guide/snapshot.html

exports[`report command > prints a JSON structure for all games in \`data/quake.log if no file is given\` 1`] = `
[
  [
    "[{\\"id\\":1,\\"players\\":[{\\"id\\":\\"2\\",\\"name\\":\\"Isgalamido\\",\\"kills\\":0}],\\"totalKills\\":0},{\\"id\\":2,\\"players\\":[{\\"id\\":\\"2\\",\\"name\\":\\"Isgalamido\\",\\"kills\\":-5},{\\"id\\":\\"3\\",\\"name\\":\\"Mocinha\\",\\"kills\\":0}],\\"totalKills\\":11},{\\"id\\":3,\\"players\\":[{\\"id\\":\\"2\\",\\"name\\":\\"Dono da Bola\\",\\"kills\\":-1},{\\"id\\":\\"3\\",\\"name\\":\\"Isgalamido\\",\\"kills\\":1},{\\"id\\":\\"4\\",\\"name\\":\\"Zeh\\",\\"kills\\":-2}],\\"totalKills\\":4},{\\"id\\":4,\\"players\\":[{\\"id\\":\\"2\\",\\"name\\":\\"Dono da Bola\\",\\"kills\\":13},{\\"id\\":\\"3\\",\\"name\\":\\"Isgalamido\\",\\"kills\\":19},{\\"id\\":\\"4\\",\\"name\\":\\"Zeh\\",\\"kills\\":20},{\\"id\\":\\"5\\",\\"name\\":\\"Assasinu Credi\\",\\"kills\\":13}],\\"totalKills\\":105},{\\"id\\":5,\\"players\\":[{\\"id\\":\\"2\\",\\"name\\":\\"Zeh\\",\\"kills\\":1},{\\"id\\":\\"3\\",\\"name\\":\\"Isgalamido\\",\\"kills\\":2},{\\"id\\":\\"4\\",\\"name\\":\\"Zeh\\",\\"kills\\":0},{\\"id\\":\\"5\\",\\"name\\":\\"Assasinu Credi\\",\\"kills\\":1}],\\"totalKills\\":14},{\\"id\\":6,\\"players\\":[{\\"id\\":\\"2\\",\\"name\\":\\"Oootsimo\\",\\"kills\\":8},{\\"id\\":\\"3\\",\\"name\\":\\"Isgalamido\\",\\"kills\\":3},{\\"id\\":\\"4\\",\\"name\\":\\"Zeh\\",\\"kills\\":7},{\\"id\\":\\"5\\",\\"name\\":\\"Dono da Bola\\",\\"kills\\":2},{\\"id\\":\\"6\\",\\"name\\":\\"Mal\\",\\"kills\\":0},{\\"id\\":\\"7\\",\\"name\\":\\"Assasinu Credi\\",\\"kills\\":1}],\\"totalKills\\":29},{\\"id\\":7,\\"players\\":[{\\"id\\":\\"2\\",\\"name\\":\\"Oootsimo\\",\\"kills\\":20},{\\"id\\":\\"3\\",\\"name\\":\\"Isgalamido\\",\\"kills\\":16},{\\"id\\":\\"4\\",\\"name\\":\\"Zeh\\",\\"kills\\":9},{\\"id\\":\\"5\\",\\"name\\":\\"Dono da Bola\\",\\"kills\\":12},{\\"id\\":\\"6\\",\\"name\\":\\"Mal\\",\\"kills\\":-3},{\\"id\\":\\"7\\",\\"name\\":\\"Assasinu Credi\\",\\"kills\\":22},{\\"id\\":\\"8\\",\\"name\\":\\"Chessus\\",\\"kills\\":0}],\\"totalKills\\":130},{\\"id\\":8,\\"players\\":[{\\"id\\":\\"2\\",\\"name\\":\\"Oootsimo\\",\\"kills\\":16},{\\"id\\":\\"3\\",\\"name\\":\\"Isgalamido\\",\\"kills\\":20},{\\"id\\":\\"4\\",\\"name\\":\\"Zeh\\",\\"kills\\":12},{\\"id\\":\\"5\\",\\"name\\":\\"Dono da Bola\\",\\"kills\\":3},{\\"id\\":\\"6\\",\\"name\\":\\"Mal\\",\\"kills\\":-2},{\\"id\\":\\"7\\",\\"name\\":\\"Assasinu Credi\\",\\"kills\\":10}],\\"totalKills\\":89},{\\"id\\":9,\\"players\\":[{\\"id\\":\\"2\\",\\"name\\":\\"Oootsimo\\",\\"kills\\":9},{\\"id\\":\\"3\\",\\"name\\":\\"Dono da Bola\\",\\"kills\\":0},{\\"id\\":\\"4\\",\\"name\\":\\"Zeh\\",\\"kills\\":12},{\\"id\\":\\"5\\",\\"name\\":\\"Chessus\\",\\"kills\\":11},{\\"id\\":\\"6\\",\\"name\\":\\"Mal\\",\\"kills\\":3},{\\"id\\":\\"7\\",\\"name\\":\\"Assasinu Credi\\",\\"kills\\":10}],\\"totalKills\\":67},{\\"id\\":10,\\"players\\":[{\\"id\\":\\"2\\",\\"name\\":\\"Oootsimo\\",\\"kills\\":-1},{\\"id\\":\\"3\\",\\"name\\":\\"Dono da Bola\\",\\"kills\\":3},{\\"id\\":\\"4\\",\\"name\\":\\"Zeh\\",\\"kills\\":7},{\\"id\\":\\"5\\",\\"name\\":\\"Chessus\\",\\"kills\\":5},{\\"id\\":\\"6\\",\\"name\\":\\"Mal\\",\\"kills\\":1},{\\"id\\":\\"7\\",\\"name\\":\\"Assasinu Credi\\",\\"kills\\":3},{\\"id\\":\\"8\\",\\"name\\":\\"Isgalamido\\",\\"kills\\":6}],\\"totalKills\\":60},{\\"id\\":11,\\"players\\":[{\\"id\\":\\"3\\",\\"name\\":\\"Dono da Bola\\",\\"kills\\":-2},{\\"id\\":\\"2\\",\\"name\\":\\"Isgalamido\\",\\"kills\\":5},{\\"id\\":\\"4\\",\\"name\\":\\"Zeh\\",\\"kills\\":0},{\\"id\\":\\"5\\",\\"name\\":\\"Oootsimo\\",\\"kills\\":4},{\\"id\\":\\"6\\",\\"name\\":\\"Chessus\\",\\"kills\\":0},{\\"id\\":\\"7\\",\\"name\\":\\"Assasinu Credi\\",\\"kills\\":-3},{\\"id\\":\\"8\\",\\"name\\":\\"Mal\\",\\"kills\\":0}],\\"totalKills\\":20},{\\"id\\":12,\\"players\\":[{\\"id\\":\\"2\\",\\"name\\":\\"Isgalamido\\",\\"kills\\":26},{\\"id\\":\\"3\\",\\"name\\":\\"Dono da Bola\\",\\"kills\\":3},{\\"id\\":\\"4\\",\\"name\\":\\"Zeh\\",\\"kills\\":13},{\\"id\\":\\"5\\",\\"name\\":\\"Oootsimo\\",\\"kills\\":13},{\\"id\\":\\"6\\",\\"name\\":\\"Chessus\\",\\"kills\\":13},{\\"id\\":\\"7\\",\\"name\\":\\"Assasinu Credi\\",\\"kills\\":20},{\\"id\\":\\"8\\",\\"name\\":\\"Mal\\",\\"kills\\":-6}],\\"totalKills\\":160},{\\"id\\":13,\\"players\\":[{\\"id\\":\\"2\\",\\"name\\":\\"Isgalamido\\",\\"kills\\":-1},{\\"id\\":\\"3\\",\\"name\\":\\"Dono da Bola\\",\\"kills\\":-1},{\\"id\\":\\"4\\",\\"name\\":\\"Zeh\\",\\"kills\\":2},{\\"id\\":\\"5\\",\\"name\\":\\"Oootsimo\\",\\"kills\\":2},{\\"id\\":\\"6\\",\\"name\\":\\"Chessus\\",\\"kills\\":0},{\\"id\\":\\"7\\",\\"name\\":\\"Assasinu Credi\\",\\"kills\\":0},{\\"id\\":\\"8\\",\\"name\\":\\"Mal\\",\\"kills\\":0}],\\"totalKills\\":6},{\\"id\\":14,\\"players\\":[{\\"id\\":\\"2\\",\\"name\\":\\"Isgalamido\\",\\"kills\\":22},{\\"id\\":\\"3\\",\\"name\\":\\"Dono da Bola\\",\\"kills\\":2},{\\"id\\":\\"4\\",\\"name\\":\\"Zeh\\",\\"kills\\":5},{\\"id\\":\\"5\\",\\"name\\":\\"Oootsimo\\",\\"kills\\":9},{\\"id\\":\\"6\\",\\"name\\":\\"Chessus\\",\\"kills\\":7},{\\"id\\":\\"7\\",\\"name\\":\\"Assasinu Credi\\",\\"kills\\":7},{\\"id\\":\\"8\\",\\"name\\":\\"Mal\\",\\"kills\\":-2}],\\"totalKills\\":122},{\\"id\\":15,\\"players\\":[{\\"id\\":\\"4\\",\\"name\\":\\"Isgalamido\\",\\"kills\\":-3},{\\"id\\":\\"7\\",\\"name\\":\\"Assasinu Credi\\",\\"kills\\":0},{\\"id\\":\\"2\\",\\"name\\":\\"Dono da Bola\\",\\"kills\\":0},{\\"id\\":\\"3\\",\\"name\\":\\"Oootsimo\\",\\"kills\\":0},{\\"id\\":\\"5\\",\\"name\\":\\"Assasinu Credi\\",\\"kills\\":0}],\\"totalKills\\":3},{\\"id\\":16,\\"players\\":[{\\"id\\":\\"2\\",\\"name\\":\\"Dono da Bola\\",\\"kills\\":0},{\\"id\\":\\"3\\",\\"name\\":\\"Oootsimo\\",\\"kills\\":0},{\\"id\\":\\"4\\",\\"name\\":\\"Isgalamido\\",\\"kills\\":0},{\\"id\\":\\"5\\",\\"name\\":\\"Assasinu Credi\\",\\"kills\\":0},{\\"id\\":\\"6\\",\\"name\\":\\"Zeh\\",\\"kills\\":0}],\\"totalKills\\":0},{\\"id\\":17,\\"players\\":[{\\"id\\":\\"2\\",\\"name\\":\\"Dono da Bola\\",\\"kills\\":-2},{\\"id\\":\\"3\\",\\"name\\":\\"Oootsimo\\",\\"kills\\":1},{\\"id\\":\\"4\\",\\"name\\":\\"Isgalamido\\",\\"kills\\":0},{\\"id\\":\\"5\\",\\"name\\":\\"Assasinu Credi\\",\\"kills\\":-3},{\\"id\\":\\"6\\",\\"name\\":\\"Zeh\\",\\"kills\\":0},{\\"id\\":\\"7\\",\\"name\\":\\"Mal\\",\\"kills\\":-1}],\\"totalKills\\":13},{\\"id\\":18,\\"players\\":[{\\"id\\":\\"2\\",\\"name\\":\\"Isgalamido\\",\\"kills\\":1},{\\"id\\":\\"3\\",\\"name\\":\\"Oootsimo\\",\\"kills\\":0},{\\"id\\":\\"4\\",\\"name\\":\\"Dono da Bola\\",\\"kills\\":-1},{\\"id\\":\\"5\\",\\"name\\":\\"Assasinu Credi\\",\\"kills\\":2},{\\"id\\":\\"6\\",\\"name\\":\\"Zeh\\",\\"kills\\":2},{\\"id\\":\\"7\\",\\"name\\":\\"Mal\\",\\"kills\\":-1}],\\"totalKills\\":7},{\\"id\\":19,\\"players\\":[{\\"id\\":\\"2\\",\\"name\\":\\"Isgalamido\\",\\"kills\\":14},{\\"id\\":\\"3\\",\\"name\\":\\"Oootsimo\\",\\"kills\\":10},{\\"id\\":\\"4\\",\\"name\\":\\"Dono da Bola\\",\\"kills\\":14},{\\"id\\":\\"5\\",\\"name\\":\\"Assasinu Credi\\",\\"kills\\":9},{\\"id\\":\\"6\\",\\"name\\":\\"Zeh\\",\\"kills\\":20},{\\"id\\":\\"7\\",\\"name\\":\\"Mal\\",\\"kills\\":2}],\\"totalKills\\":95},{\\"id\\":20,\\"players\\":[{\\"id\\":\\"2\\",\\"name\\":\\"Isgalamido\\",\\"kills\\":0},{\\"id\\":\\"3\\",\\"name\\":\\"Oootsimo\\",\\"kills\\":1},{\\"id\\":\\"4\\",\\"name\\":\\"Dono da Bola\\",\\"kills\\":2},{\\"id\\":\\"5\\",\\"name\\":\\"Assasinu Credi\\",\\"kills\\":0},{\\"id\\":\\"6\\",\\"name\\":\\"Zeh\\",\\"kills\\":0},{\\"id\\":\\"7\\",\\"name\\":\\"Mal\\",\\"kills\\":0}],\\"totalKills\\":3},{\\"id\\":21,\\"players\\":[{\\"id\\":\\"2\\",\\"name\\":\\"Isgalamido\\",\\"kills\\":17},{\\"id\\":\\"3\\",\\"name\\":\\"Oootsimo\\",\\"kills\\":22},{\\"id\\":\\"4\\",\\"name\\":\\"Dono da Bola\\",\\"kills\\":14},{\\"id\\":\\"5\\",\\"name\\":\\"Assasinu Credi\\",\\"kills\\":19},{\\"id\\":\\"6\\",\\"name\\":\\"Zeh\\",\\"kills\\":19},{\\"id\\":\\"7\\",\\"name\\":\\"Mal\\",\\"kills\\":6}],\\"totalKills\\":131}]",
  ],
]
`;
